###############################################################################
#
# IAR ELF Linker V7.30.3.8024/W32 for ARM                 24/Aug/2017  21:26:39
# Copyright 2007-2014 IAR Systems AB.
#
#    Output file  =  
#        C:\Users\Administrator\Desktop\国赛——常熟\预赛\国赛\Prj\IAR\DZ10_Debug\Exe\vcan_Kinetis.out
#    Map file     =  
#        C:\Users\Administrator\Desktop\国赛——常熟\预赛\国赛\Prj\IAR\DZ10_Debug\List\vcan_Kinetis.map
#    Command line =  
#        C:\Users\Administrator\Desktop\国赛——常熟\预赛\国赛\Prj\IAR\DZ10_Debug\Obj\AD_get.o
#        C:\Users\Administrator\Desktop\国赛——常熟\预赛\国赛\Prj\IAR\DZ10_Debug\Obj\Car_control.o
#        C:\Users\Administrator\Desktop\国赛——常熟\预赛\国赛\Prj\IAR\DZ10_Debug\Obj\Date.o
#        C:\Users\Administrator\Desktop\国赛——常熟\预赛\国赛\Prj\IAR\DZ10_Debug\Obj\Fuzzy.o
#        C:\Users\Administrator\Desktop\国赛——常熟\预赛\国赛\Prj\IAR\DZ10_Debug\Obj\main.o
#        C:\Users\Administrator\Desktop\国赛——常熟\预赛\国赛\Prj\IAR\DZ10_Debug\Obj\misc.o
#        C:\Users\Administrator\Desktop\国赛——常熟\预赛\国赛\Prj\IAR\DZ10_Debug\Obj\MK60_adc.o
#        C:\Users\Administrator\Desktop\国赛——常熟\预赛\国赛\Prj\IAR\DZ10_Debug\Obj\MK60_conf.o
#        C:\Users\Administrator\Desktop\国赛——常熟\预赛\国赛\Prj\IAR\DZ10_Debug\Obj\MK60_dma.o
#        C:\Users\Administrator\Desktop\国赛——常熟\预赛\国赛\Prj\IAR\DZ10_Debug\Obj\MK60_DWT.o
#        C:\Users\Administrator\Desktop\国赛——常熟\预赛\国赛\Prj\IAR\DZ10_Debug\Obj\MK60_flash.o
#        C:\Users\Administrator\Desktop\国赛——常熟\预赛\国赛\Prj\IAR\DZ10_Debug\Obj\MK60_ftm.o
#        C:\Users\Administrator\Desktop\国赛——常熟\预赛\国赛\Prj\IAR\DZ10_Debug\Obj\MK60_gpio.o
#        C:\Users\Administrator\Desktop\国赛——常熟\预赛\国赛\Prj\IAR\DZ10_Debug\Obj\MK60_it.o
#        C:\Users\Administrator\Desktop\国赛——常熟\预赛\国赛\Prj\IAR\DZ10_Debug\Obj\MK60_lptmr.o
#        C:\Users\Administrator\Desktop\国赛——常熟\预赛\国赛\Prj\IAR\DZ10_Debug\Obj\MK60_mcg.o
#        C:\Users\Administrator\Desktop\国赛——常熟\预赛\国赛\Prj\IAR\DZ10_Debug\Obj\MK60_PIT.o
#        C:\Users\Administrator\Desktop\国赛——常熟\预赛\国赛\Prj\IAR\DZ10_Debug\Obj\MK60_port.o
#        C:\Users\Administrator\Desktop\国赛——常熟\预赛\国赛\Prj\IAR\DZ10_Debug\Obj\MK60_SysTick.o
#        C:\Users\Administrator\Desktop\国赛——常熟\预赛\国赛\Prj\IAR\DZ10_Debug\Obj\MK60_uart.o
#        C:\Users\Administrator\Desktop\国赛——常熟\预赛\国赛\Prj\IAR\DZ10_Debug\Obj\MK60_wdog.o
#        C:\Users\Administrator\Desktop\国赛——常熟\预赛\国赛\Prj\IAR\DZ10_Debug\Obj\OLED.o
#        C:\Users\Administrator\Desktop\国赛——常熟\预赛\国赛\Prj\IAR\DZ10_Debug\Obj\startup_MK60DZ10.o
#        C:\Users\Administrator\Desktop\国赛——常熟\预赛\国赛\Prj\IAR\DZ10_Debug\Obj\system_MK60DZ10.o
#        C:\Users\Administrator\Desktop\国赛——常熟\预赛\国赛\Prj\IAR\DZ10_Debug\Obj\VCAN_key.o
#        C:\Users\Administrator\Desktop\国赛——常熟\预赛\国赛\Prj\IAR\DZ10_Debug\Obj\VCAN_LED.o
#        C:\Users\Administrator\Desktop\国赛——常熟\预赛\国赛\Prj\IAR\DZ10_Debug\Obj\VCAN_SCCB.o
#        C:\Users\Administrator\Desktop\国赛——常熟\预赛\国赛\Prj\IAR\DZ10_Debug\Obj\vcan_sd_app.o
#        C:\Users\Administrator\Desktop\国赛——常熟\预赛\国赛\Prj\IAR\DZ10_Debug\Obj\vectors.o
#        --redirect _Printf=_PrintfLargeNoMb --redirect _Scanf=_ScanfLargeNoMb
#        -o
#        C:\Users\Administrator\Desktop\国赛——常熟\预赛\国赛\Prj\IAR\DZ10_Debug\Exe\vcan_Kinetis.out
#        --map
#        C:\Users\Administrator\Desktop\国赛——常熟\预赛\国赛\Prj\IAR\DZ10_Debug\List\vcan_Kinetis.map
#        --config
#        "C:\Users\Administrator\Desktop\国赛——常熟\预赛\国赛\Prj\IAR\config
#        files\vcan_ROM_K60N512.icf"
#        C:\Users\Administrator\Desktop\国赛——常熟\预赛\国赛\Prj\IAR\..\..\Lib\CMSIS\iar_cortexM4l_math.a
#        --entry __iar_program_start --vfe
#
###############################################################################

*******************************************************************************
*** RUNTIME MODEL ATTRIBUTES
***

CppFlavor       = *
__SystemLibrary = DLib


*******************************************************************************
*** PLACEMENT SUMMARY
***

"A1":  place at 0x00000000 { ro section .intvec };
"A2":  place at 0x00000410 { ro section .noinit };
"P1":  place in [from 0x00000000 to 0x00080000] { ro, block CodeRelocate };
"P2":  place in [from 0x1fff0410 to 0x20010000] {
          rw, block CodeRelocateRam, block CSTACK, block HEAP };

  Section              Kind        Address    Size  Object
  -------              ----        -------    ----  ------
"A1":                                        0x410
  .intvec              const    0x00000000   0x410  vectors.o [1]
                              - 0x00000410   0x410

"P1", part 1 of 2:                             0x0
  .rodata              const    0x00000410     0x0  zero_init3.o [5]

"A2":                                          0x8
  .noinit              ro code  0x00000410     0x8  startup_MK60DZ10.o [1]
                              - 0x00000418     0x8

"P1", part 2 of 2:                          0x664c
  .text                ro code  0x00000418   0xbee  xprintflarge_nomb.o [3]
  .text                ro code  0x00001006    0x22  zero_init3.o [5]
  .text                ro code  0x00001028    0x16  strchr.o [5]
  .text                ro code  0x00001040    0x36  strlen.o [5]
  .text                ro code  0x00001078    0x58  memchr.o [5]
  .text                ro code  0x000010d0    0xee  I64DivMod.o [5]
  .text                ro code  0x000011c0    0x76  ABImemcpy_unaligned.o [5]
  .text                ro code  0x00001236    0x42  xdnorm.o [4]
  .text                ro code  0x00001278    0x2e  DblCmpLe.o [4]
  .text                ro code  0x000012a8   0x1a2  DblMul.o [4]
  .text                ro code  0x0000144c   0x246  DblDiv.o [4]
  .text                ro code  0x00001694    0x58  DblToI32.o [4]
  .text                ro code  0x000016ec    0x30  I32ToDbl.o [4]
  .text                ro code  0x0000171c   0x180  DblSub.o [4]
  .text                ro code  0x0000189c    0x6c  localeconv.o [3]
  .text                ro code  0x00001908     0xe  div.o [3]
  .text                ro code  0x00001918     0x2  I64DivZer.o [5]
  .text                ro code  0x0000191c    0xe8  DblAdd.o [4]
  .text                ro code  0x00001a04     0x2  xtls.o [3]
  .data_init                    0x00001a08   0x91c  <Block>
    Initializer bytes  ro data  0x00001a08   0x91c  <for .data-1>
  .text                ro code  0x00002324   0x7a2  Fuzzy.o [1]
  .text                ro code  0x00002ac8     0x6  ABImemclr4.o [5]
  .text                ro code  0x00002ad0    0x24  FltCmpLe.o [4]
  .text                ro code  0x00002af4    0xe6  FltSub.o [4]
  .text                ro code  0x00002bdc    0xfc  FltDiv.o [4]
  .text                ro code  0x00002cd8    0x4e  FltToDbl.o [4]
  .text                ro code  0x00002d28    0x90  DblToFlt.o [4]
  .text                ro code  0x00002db8    0xd8  FltMul.o [4]
  .text                ro code  0x00002e90    0x84  FltAdd.o [4]
  .text                ro code  0x00002f14    0x32  ABImemset48.o [5]
  .text                ro code  0x00002f48   0x680  OLED.o [1]
  .text                ro code  0x000035c8   0x130  MK60_gpio.o [1]
  .text                ro code  0x000036f8    0xb0  MK60_port.o [1]
  Veneer               ro code  0x000037a8     0x8  - Linker created -
  Veneer               ro code  0x000037b0     0x8  - Linker created -
  .text                ro code  0x000037b8   0x180  MK60_conf.o [1]
  .text                ro code  0x00003938    0x70  VCAN_LED.o [1]
  .text                ro code  0x000039a8    0x24  printf.o [3]
  .text                ro code  0x000039cc   0x12c  MK60_PIT.o [1]
  .text                ro code  0x00003af8   0x248  MK60_uart.o [1]
  .text                ro code  0x00003d40    0xb4  VCAN_key.o [1]
  .text                ro code  0x00003df4   0x610  Car_control.o [1]
  .text                ro code  0x00004404   0x270  MK60_dma.o [1]
  .text                ro code  0x00004674    0x44  FltToS32.o [4]
  .text                ro code  0x000046b8    0x24  FltCmpGe.o [4]
  .text                ro code  0x000046dc    0x2e  I32ToFlt.o [4]
  .text                ro code  0x0000470c   0x3a4  MK60_ftm.o [1]
  .rodata              const    0x00004ab0   0x5f0  OLED.o [1]
  .text                ro code  0x000050a0   0x5b0  Date.o [1]
  .text                ro code  0x00005650   0x2b8  MK60_adc.o [1]
  .text                ro code  0x00005908   0x3b8  AD_get.o [1]
  Veneer               ro code  0x00005cc0     0x8  - Linker created -
  .text                ro code  0x00005cc8   0x3b4  MK60_mcg.o [1]
  CodeRelocate                  0x0000607c   0x1d4  <Block>
    Initializer bytes  ro data  0x0000607c   0x1d4  <for CodeRelocateRam-1>
  .text                ro code  0x00006250   0x1b0  main.o [1]
  .text                ro code  0x00006400    0x50  misc.o [1]
  .text                ro code  0x00006450   0x130  system_MK60DZ10.o [1]
  .text                ro code  0x00006580    0x40  MK60_wdog.o [1]
  .rodata              const    0x000065c0    0xc4  OLED.o [1]
  .text                ro code  0x00006684    0x7c  MK60_it.o [1]
  .rodata              const    0x00006700    0x48  MK60_ftm.o [1]
  .rodata              const    0x00006748    0x3c  MK60_conf.o [1]
  .rodata              const    0x00006784    0x38  MK60_flash.o [1]
  .rodata              const    0x000067bc    0x38  MK60_gpio.o [1]
  .rodata              const    0x000067f4    0x38  MK60_uart.o [1]
  .rodata              const    0x0000682c    0x34  MK60_adc.o [1]
  .rodata              const    0x00006860    0x34  MK60_PIT.o [1]
  .rodata              const    0x00006894    0x30  misc.o [1]
  .text                ro code  0x000068c4    0x28  data_init.o [5]
  .rodata              const    0x000068ec    0x24  MK60_conf.o [1]
  .iar.init_table      const    0x00006910    0x10  - Linker created -
  .rodata              const    0x00006920    0x20  MK60_conf.o [1]
  .text                ro code  0x00006940    0x1a  cmain.o [5]
  .text                ro code  0x0000695a     0x4  low_level_init.o [3]
  .text                ro code  0x0000695e     0x4  exit.o [3]
  .text                ro code  0x00006964     0xa  cexit.o [5]
  .text                ro code  0x00006970     0xc  XXexit.o [5]
  .text                ro code  0x0000697c    0x16  xprout.o [3]
  .text                ro code  0x00006994     0xc  putchar.o [3]
  .rodata              const    0x000069a0    0x14  MK60_conf.o [1]
  .rodata              const    0x000069b4    0x10  OLED.o [1]
  .rodata              const    0x000069c4     0xc  main.o [1]
  .text                ro code  0x000069d0     0xc  cstartup_M.o [5]
  Initializer bytes    ro data  0x000069dc    0x88  <for P2 s0>
                              - 0x00006a64  0x664c

"P2":                                        0xcf4
  .data                         0x1fff0410   0x91c  <Block>
    .data-1                     0x1fff0410   0x91c  <Init block>
      .data            inited   0x1fff0410     0x4  Date.o [1]
      .data            inited   0x1fff0414     0x4  Date.o [1]
      .data            inited   0x1fff0418   0x124  Date.o [1]
      .data            inited   0x1fff053c     0x8  MK60_adc.o [1]
      .data            inited   0x1fff0544   0x708  MK60_conf.o [1]
      .data            inited   0x1fff0c4c     0xc  MK60_ftm.o [1]
      .data            inited   0x1fff0c58    0x14  MK60_gpio.o [1]
      .data            inited   0x1fff0c6c    0x44  MK60_mcg.o [1]
      .data            inited   0x1fff0cb0     0x4  MK60_mcg.o [1]
      .data            inited   0x1fff0cb4    0x14  MK60_port.o [1]
      .data            inited   0x1fff0cc8    0x18  MK60_uart.o [1]
      .data            inited   0x1fff0ce0     0x8  VCAN_key.o [1]
      .data            inited   0x1fff0ce8     0x4  VCAN_LED.o [1]
      .data            inited   0x1fff0cec    0x40  xfiles.o [3]
  CodeRelocateRam               0x1fff0d2c   0x1d4  <Block>
    CodeRelocateRam-1           0x1fff0d2c   0x1d4  <Init block>
      Veneer           inited   0x1fff0d2c     0x8  - Linker created -
      Veneer           inited   0x1fff0d34     0x8  - Linker created -
      .textrw          inited   0x1fff0d3c   0x174  MK60_flash.o [1]
      .textrw          inited   0x1fff0eb0    0x50  MK60_mcg.o [1]
  .bss                          0x1fff0f00   0x17c  <Block>
    .bss               zero     0x1fff0f00     0x8  AD_get.o [1]
    .bss               zero     0x1fff0f08    0x18  AD_get.o [1]
    .bss               zero     0x1fff0f20     0x8  AD_get.o [1]
    .bss               zero     0x1fff0f28     0x8  AD_get.o [1]
    .bss               zero     0x1fff0f30     0x4  Car_control.o [1]
    .bss               zero     0x1fff0f34     0x4  Car_control.o [1]
    .bss               zero     0x1fff0f38     0x4  Car_control.o [1]
    .bss               zero     0x1fff0f3c     0x4  Car_control.o [1]
    .bss               zero     0x1fff0f40     0x4  Car_control.o [1]
    .bss               zero     0x1fff0f44     0x4  Car_control.o [1]
    .bss               zero     0x1fff0f48     0x4  Car_control.o [1]
    .bss               zero     0x1fff0f4c     0x4  Car_control.o [1]
    .bss               zero     0x1fff0f50     0x4  Car_control.o [1]
    .bss               zero     0x1fff0f54     0x4  Car_control.o [1]
    .bss               zero     0x1fff0f58     0x4  Car_control.o [1]
    .bss               zero     0x1fff0f5c     0x4  Car_control.o [1]
    .bss               zero     0x1fff0f60     0x4  Car_control.o [1]
    .bss               zero     0x1fff0f64     0x4  Car_control.o [1]
    .bss               zero     0x1fff0f68     0x4  Car_control.o [1]
    .bss               zero     0x1fff0f6c     0x4  Car_control.o [1]
    .bss               zero     0x1fff0f70     0x4  Car_control.o [1]
    .bss               zero     0x1fff0f74     0x4  Car_control.o [1]
    .bss               zero     0x1fff0f78     0x4  Car_control.o [1]
    .bss               zero     0x1fff0f7c     0x4  Date.o [1]
    .bss               zero     0x1fff0f80     0x4  Date.o [1]
    .bss               zero     0x1fff0f84     0x4  Date.o [1]
    .bss               zero     0x1fff0f88     0x4  Date.o [1]
    .bss               zero     0x1fff0f8c     0x4  Date.o [1]
    .bss               zero     0x1fff0f90     0x4  Date.o [1]
    .bss               zero     0x1fff0f94     0x4  Date.o [1]
    .bss               zero     0x1fff0f98     0x4  Date.o [1]
    .bss               zero     0x1fff0f9c     0x4  Date.o [1]
    .bss               zero     0x1fff0fa0     0x4  Date.o [1]
    .bss               zero     0x1fff0fa4     0x4  Date.o [1]
    .bss               zero     0x1fff0fa8     0x4  Date.o [1]
    .bss               zero     0x1fff0fac     0x4  Date.o [1]
    .bss               zero     0x1fff0fb0     0x4  Date.o [1]
    .bss               zero     0x1fff0fb4     0x4  Date.o [1]
    .bss               zero     0x1fff0fb8     0x4  Date.o [1]
    .bss               zero     0x1fff0fbc     0x4  Date.o [1]
    .bss               zero     0x1fff0fc0     0x4  Date.o [1]
    .bss               zero     0x1fff0fc4     0x4  main.o [1]
    .bss               zero     0x1fff0fc8    0x40  MK60_dma.o [1]
    .bss               zero     0x1fff1008     0x4  MK60_it.o [1]
    .bss               zero     0x1fff100c     0x4  system_MK60DZ10.o [1]
    .bss               zero     0x1fff1010     0x4  system_MK60DZ10.o [1]
    .bss               zero     0x1fff1014     0x4  system_MK60DZ10.o [1]
    .bss               zero     0x1fff1018    0x50  xfiles.o [3]
    .bss               zero     0x1fff1068     0x2  AD_get.o [1]
    .bss               zero     0x1fff106a     0x2  AD_get.o [1]
    .bss               zero     0x1fff106c     0x2  AD_get.o [1]
    .bss               zero     0x1fff106e     0x2  AD_get.o [1]
    .bss               zero     0x1fff1070     0x2  AD_get.o [1]
    .bss               zero     0x1fff1072     0x2  Date.o [1]
    .bss               zero     0x1fff1074     0x2  Date.o [1]
    .bss               zero     0x1fff1076     0x2  Date.o [1]
    .bss               zero     0x1fff1078     0x2  Date.o [1]
  P2 s0                         0x1fff107c    0x88  <Init block>
    __DLIB_PERTHREAD   inited   0x1fff107c    0x88  localeconv.o [3]
                              - 0x1fff1104   0xcf4


*******************************************************************************
*** INIT TABLE
***

          Address     Size
          -------     ----
Zero (__iar_zero_init3)
    1 destination range, total size 0x17a:
          0x1fff0f00  0x17a



*******************************************************************************
*** MODULE SUMMARY
***

    Module                 ro code  rw code  ro data  rw data
    ------                 -------  -------  -------  -------
C:\Users\Administrator\Desktop\国赛——常熟\预赛\国赛\Prj\IAR\DZ10_Debug\Obj: [1]
    AD_get.o                   952                         58
    Car_control.o            1 552                         76
    Date.o                   1 456               300      380
    Fuzzy.o                  1 954
    MK60_PIT.o                 300                52
    MK60_adc.o                 696                60        8
    MK60_conf.o                384             1 948    1 800
    MK60_dma.o                 624                         64
    MK60_flash.o                        372      428
    MK60_ftm.o                 932                84       12
    MK60_gpio.o                304                76       20
    MK60_it.o                  124                          4
    MK60_mcg.o                 948       80      152       72
    MK60_port.o                176                20       20
    MK60_uart.o                584                80       24
    MK60_wdog.o                 64
    OLED.o                   1 664             1 732
    VCAN_LED.o                 112                 4        4
    VCAN_key.o                 180                 8        8
    main.o                     432                12        4
    misc.o                      80                48
    startup_MK60DZ10.o           8
    system_MK60DZ10.o          304                         12
    vectors.o                                  1 040
    ---------------------------------------------------------
    Total:                  13 830      452    6 044    2 566

command line: [2]
    ---------------------------------------------------------
    Total:

dl7M_tlf.a: [3]
    div.o                       14
    exit.o                       4
    localeconv.o               108               136      136
    low_level_init.o             4
    printf.o                    36
    putchar.o                   12
    xfiles.o                                      64      144
    xprintflarge_nomb.o      3 054
    xprout.o                    22
    xtls.o                       2
    ---------------------------------------------------------
    Total:                   3 256               200      280

m7M_tl.a: [4]
    DblAdd.o                   232
    DblCmpLe.o                  46
    DblDiv.o                   582
    DblMul.o                   418
    DblSub.o                   384
    DblToFlt.o                 144
    DblToI32.o                  88
    FltAdd.o                   132
    FltCmpGe.o                  36
    FltCmpLe.o                  36
    FltDiv.o                   252
    FltMul.o                   216
    FltSub.o                   230
    FltToDbl.o                  78
    FltToS32.o                  68
    I32ToDbl.o                  48
    I32ToFlt.o                  46
    xdnorm.o                    66
    ---------------------------------------------------------
    Total:                   3 102

rt7M_tl.a: [5]
    ABImemclr4.o                 6
    ABImemcpy_unaligned.o      118
    ABImemset48.o               50
    I64DivMod.o                238
    I64DivZer.o                  2
    XXexit.o                    12
    cexit.o                     10
    cmain.o                     26
    cstartup_M.o                12
    data_init.o                 40
    memchr.o                    88
    strchr.o                    22
    strlen.o                    54
    zero_init3.o                34
    ---------------------------------------------------------
    Total:                     712

    Gaps                        34
    Linker created              24       16       32
-------------------------------------------------------------
    Grand Total:            20 958      468    6 276    2 846


*******************************************************************************
*** ENTRY LIST
***

Entry                      Address   Size  Type      Object
-----                      -------   ----  ----      ------
.bss$$Base              0x1fff0f00          --   Gb  - Linker created -
.bss$$Limit             0x1fff107c          --   Gb  - Linker created -
.data$$Base             0x1fff0410          --   Gb  - Linker created -
.data$$Limit            0x1fff0d2c          --   Gb  - Linker created -
.data_init$$Base        0x00001a08          --   Gb  - Linker created -
.data_init$$Limit       0x00002324          --   Gb  - Linker created -
?main                   0x00006941         Code  Gb  cmain.o [5]
ADCN                    0x1fff053c    0x8  Data  Gb  MK60_adc.o [1]
AD_MAX                  0x1fff1068    0x2  Data  Gb  AD_get.o [1]
AD_V                    0x1fff0f08   0x18  Data  Gb  AD_get.o [1]
AD_saomiao              0x00005909   0x84  Code  Gb  AD_get.o [1]
AD_sum                  0x1fff0f20    0x8  Data  Gb  AD_get.o [1]
AD_value                0x1fff0f00    0x8  Data  Gb  AD_get.o [1]
ASSERT_FAILED_STR       0x000068ec   0x24  Data  Gb  MK60_conf.o [1]
ActualSpeed_L           0x1fff0f5c    0x4  Data  Gb  Car_control.o [1]
ActualSpeed_R           0x1fff0f60    0x4  Data  Gb  Car_control.o [1]
CodeRelocate$$Base      0x0000607c          --   Gb  - Linker created -
CodeRelocate$$Limit     0x00006250          --   Gb  - Linker created -
CodeRelocateRam$$Base   0x1fff0d2c          --   Gb  - Linker created -
CodeRelocateRam$$Limit  0x1fff0f00          --   Gb  - Linker created -
Count_Left              0x1fff0f38    0x4  Data  Gb  Car_control.o [1]
Count_Left_Last         0x1fff0f40    0x4  Data  Gb  Car_control.o [1]
Count_Right             0x1fff0f3c    0x4  Data  Gb  Car_control.o [1]
Count_Right_Last        0x1fff0f44    0x4  Data  Gb  Car_control.o [1]
DMA_CH1_Handler         0x000066bb   0x1a  Code  Gb  MK60_it.o [1]
DMA_CH2_Handler         0x000066d5   0x1a  Code  Gb  MK60_it.o [1]
DMA_count_Init          0x0000441b  0x1f6  Code  Gb  MK60_dma.o [1]
DMA_count_get           0x00004611   0x1c  Code  Gb  MK60_dma.o [1]
DMA_count_reset         0x0000462d   0x18  Code  Gb  MK60_dma.o [1]
Date_L                  0x1fff106a    0x2  Data  Gb  AD_get.o [1]
Date_M                  0x1fff106c    0x2  Data  Gb  AD_get.o [1]
Date_R                  0x1fff106e    0x2  Data  Gb  AD_get.o [1]
Date_S                  0x1fff1070    0x2  Data  Gb  AD_get.o [1]
Date_collect            0x0000598d  0x30e  Code  Gb  AD_get.o [1]
Direction               0x000050a1  0x33c  Code  Gb  Date.o [1]
Display                 0x000033cf  0x1a6  Code  Gb  OLED.o [1]
DuoJi_P                 0x1fff0418  0x124  Data  Gb  Date.o [1]
F14x16                  0x000065c0   0xc4  Data  Gb  OLED.o [1]
F14x16_Idx              0x000069b4   0x10  Data  Gb  OLED.o [1]
F8X16                   0x00004ab0  0x5f0  Data  Gb  OLED.o [1]
FTMN                    0x1fff0c4c    0xc  Data  Gb  MK60_ftm.o [1]
FTM_port_mux            0x0000470d  0x118  Code  Lc  MK60_ftm.o [1]
FuzzyCtrl               0x00002325  0x784  Code  Gb  Fuzzy.o [1]
Fuzzy_Update            0x00002aad   0x1a  Code  Gb  Fuzzy.o [1]
GPIOX                   0x1fff0c58   0x14  Data  Gb  MK60_gpio.o [1]
GoalSpeed_L             0x1fff0f48    0x4  Data  Gb  Car_control.o [1]
GoalSpeed_R             0x1fff0f4c    0x4  Data  Gb  Car_control.o [1]
INIT                    0x00006303   0xde  Code  Gb  main.o [1]
IncrementSpeed_L        0x1fff0f54    0x4  Data  Gb  Car_control.o [1]
IncrementSpeed_R        0x1fff0f58    0x4  Data  Gb  Car_control.o [1]
KEY_PTxn                0x1fff0ce0    0x8  Data  Gb  VCAN_key.o [1]
Kd                      0x1fff0f80    0x4  Data  Gb  Date.o [1]
Kp                      0x1fff0f7c    0x4  Data  Gb  Date.o [1]
LED_PTxn                0x1fff0ce8    0x4  Data  Gb  VCAN_LED.o [1]
LoadInt                 0x00000993   0x6e  Code  Lc  xprintflarge_nomb.o [3]
NVIC_EnableIRQ          0x00006251   0x14  Code  Lc  main.o [1]
NVIC_EnableIRQ          0x00004405   0x16  Code  Lc  MK60_dma.o [1]
NVIC_SystemReset        0x000037b9   0x1a  Code  Lc  MK60_conf.o [1]
OLED_DLY_ms             0x0000304d   0x1c  Code  Gb  OLED.o [1]
OLED_Fill               0x0000300d   0x40  Code  Gb  OLED.o [1]
OLED_Init               0x00003069  0x112  Code  Gb  OLED.o [1]
OLED_P14x16Str          0x00003225  0x140  Code  Gb  OLED.o [1]
OLED_P8x16Str           0x0000317b   0xaa  Code  Gb  OLED.o [1]
OLED_Print              0x00003365   0x6a  Code  Gb  OLED.o [1]
OLED_Set_Pos            0x00002fdf   0x2e  Code  Gb  OLED.o [1]
OLED_WrCmd              0x00002f95   0x4a  Code  Gb  OLED.o [1]
OLED_WrDat              0x00002f49   0x4a  Code  Gb  OLED.o [1]
PIT0_IRQHandler         0x00006685   0x36  Code  Gb  MK60_it.o [1]
PORTX                   0x1fff0cb4   0x14  Data  Gb  MK60_port.o [1]
Region$$Table$$Base     0x00006910          --   Gb  - Linker created -
Region$$Table$$Limit    0x00006920          --   Gb  - Linker created -
Reset_Handler           0x00000411         Code  Gb  startup_MK60DZ10.o [1]
Stop_car                0x00004343    0xe  Code  Gb  Car_control.o [1]
Stop_flag               0x1fff0fc4    0x4  Data  Gb  main.o [1]
UARTN                   0x1fff0cc8   0x18  Data  Gb  MK60_uart.o [1]
_GenldLargeNoMb         0x00000d89  0x236  Code  Lc  xprintflarge_nomb.o [3]
_LdtobLargeNoMb         0x00000b09  0x27a  Code  Lc  xprintflarge_nomb.o [3]
_LitobLargeNoMb         0x00000a01  0x106  Code  Lc  xprintflarge_nomb.o [3]
_Locale_aeabi_lconv     0x1fff10cc   0x38  Data  Gb  localeconv.o [3]
_Locale_lconv           0x1fff107c   0x50  Data  Gb  localeconv.o [3]
_PrintfLargeNoMb        0x00000419  0x574  Code  Gb  xprintflarge_nomb.o [3]
_Prout                  0x0000697d   0x16  Code  Gb  xprout.o [3]
_PutcharsLargeNoMb      0x00000fbf   0x2e  Code  Lc  xprintflarge_nomb.o [3]
__BOOT_STACK_ADDRESS {Abs}
                        0x2000fff8          --   Gb  command line/config [2]
__VECTOR_RAM {Abs}      0x1fff0000          --   Gb  command line/config [2]
__VECTOR_TABLE {Abs}    0x00000000          --   Gb  command line/config [2]
__aeabi_cdcmple         0x00001279         Code  Gb  DblCmpLe.o [4]
__aeabi_cfcmple         0x00002ad1         Code  Gb  FltCmpLe.o [4]
__aeabi_cfrcmple        0x000046b9         Code  Gb  FltCmpGe.o [4]
__aeabi_d2f             0x00002d29         Code  Gb  DblToFlt.o [4]
__aeabi_d2iz            0x00001695         Code  Gb  DblToI32.o [4]
__aeabi_d2uiz           0x000016c1         Code  Gb  DblToI32.o [4]
__aeabi_dadd            0x0000191d         Code  Gb  DblAdd.o [4]
__aeabi_ddiv            0x0000144d         Code  Gb  DblDiv.o [4]
__aeabi_dmul            0x000012a9         Code  Gb  DblMul.o [4]
__aeabi_dsub            0x0000171d         Code  Gb  DblSub.o [4]
__aeabi_f2d             0x00002cd9         Code  Gb  FltToDbl.o [4]
__aeabi_f2iz            0x00004675         Code  Gb  FltToS32.o [4]
__aeabi_fadd            0x00002e91         Code  Gb  FltAdd.o [4]
__aeabi_fdiv            0x00002bdd         Code  Gb  FltDiv.o [4]
__aeabi_fmul            0x00002db9         Code  Gb  FltMul.o [4]
__aeabi_fsub            0x00002af5         Code  Gb  FltSub.o [4]
__aeabi_i2d             0x000016ed         Code  Gb  I32ToDbl.o [4]
__aeabi_i2f             0x000046dd         Code  Gb  I32ToFlt.o [4]
__aeabi_ldiv0           0x00001919         Code  Gb  I64DivZer.o [5]
__aeabi_memclr4         0x00002ac9         Code  Gb  ABImemclr4.o [5]
__aeabi_ui2d            0x00001701         Code  Gb  I32ToDbl.o [4]
__aeabi_uldivmod        0x000010d1         Code  Gb  I64DivMod.o [5]
__cmain                 0x00006941         Code  Gb  cmain.o [5]
__code_start__ {Abs}    0x00000410          --   Gb  command line/config [2]
__exit                  0x00006971         Code  Gb  XXexit.o [5]
__iar_Dnorm             0x00001237   0x42  Code  Gb  xdnorm.o [4]
__iar_Locale_lconv_init
                        0x0000189d   0x3a  Code  Gb  localeconv.o [3]
__iar_Memchr            0x00001079         Code  Gb  memchr.o [5]
__iar_Memset4_word      0x00002f15         Code  Gb  ABImemset48.o [5]
__iar_Memset8_word      0x00002f15         Code  Gb  ABImemset48.o [5]
__iar_Stdout            0x1fff0cec   0x40  Data  Gb  xfiles.o [3]
__iar_Strchr            0x00001029         Code  Gb  strchr.o [5]
__iar_d2uiz             0x000016cd         Code  Gb  DblToI32.o [4]
__iar_dadd              0x00001931         Code  Gb  DblAdd.o [4]
__iar_data_init3        0x000068c5   0x28  Code  Gb  data_init.o [5]
__iar_dlib_perthread_access
                        0x00001a05    0x2  Code  Gb  xtls.o [3]
__iar_dsub              0x00001731         Code  Gb  DblSub.o [4]
__iar_dsubStart         0x00001743         Code  Gb  DblSub.o [4]
__iar_fadd              0x00002ea1         Code  Gb  FltAdd.o [4]
__iar_fsub              0x00002b05         Code  Gb  FltSub.o [4]
__iar_fsubStart         0x00002b15         Code  Gb  FltSub.o [4]
__iar_program_start     0x000069d1         Code  Gb  cstartup_M.o [5]
__iar_ui2d              0x00001705         Code  Gb  I32ToDbl.o [4]
__iar_ui2f              0x000046f1         Code  Gb  I32ToFlt.o [4]
__iar_unaligned___aeabi_memcpy
                        0x000011c1         Code  Gb  ABImemcpy_unaligned.o [5]
__iar_unaligned___aeabi_memcpy4
                        0x000011e1         Code  Gb  ABImemcpy_unaligned.o [5]
__iar_unaligned___aeabi_memcpy8
                        0x000011e1         Code  Gb  ABImemcpy_unaligned.o [5]
__iar_zero_init3        0x00001007   0x22  Code  Gb  zero_init3.o [5]
__low_level_init        0x0000695b    0x4  Code  Gb  low_level_init.o [3]
__vector_table          0x00000000  0x410  Data  Gb  vectors.o [1]
_call_main              0x0000694d         Code  Gb  cmain.o [5]
_exit                   0x00006965         Code  Gb  cexit.o [5]
_main                   0x00006957         Code  Gb  cmain.o [5]
ad_value                0x1fff0f28    0x8  Data  Gb  AD_get.o [1]
adc_init                0x00005651  0x20e  Code  Gb  MK60_adc.o [1]
adc_once                0x0000585f   0x50  Code  Gb  MK60_adc.o [1]
adc_start               0x000058af   0x44  Code  Lc  MK60_adc.o [1]
assert_failed           0x000037d3   0x30  Code  Gb  MK60_conf.o [1]
basespeed               0x1fff0f50    0x4  Data  Gb  Car_control.o [1]
bus_clk_khz             0x1fff1014    0x4  Data  Gb  system_MK60DZ10.o [1]
common_startup          0x000064af   0x98  Code  Gb  system_MK60DZ10.o [1]
core_clk_khz            0x1fff100c    0x4  Data  Gb  system_MK60DZ10.o [1]
core_clk_mhz            0x1fff1010    0x4  Data  Gb  system_MK60DZ10.o [1]
count_init              0x1fff0fc8   0x40  Data  Gb  MK60_dma.o [1]
date_divide             0x1fff0f94    0x4  Data  Gb  Date.o [1]
date_l                  0x1fff1076    0x2  Data  Gb  Date.o [1]
date_min                0x1fff1074    0x2  Data  Gb  Date.o [1]
date_minus              0x1fff0f90    0x4  Data  Gb  Date.o [1]
date_minus_last         0x1fff0f98    0x4  Data  Gb  Date.o [1]
date_plus               0x1fff0f8c    0x4  Data  Gb  Date.o [1]
date_r                  0x1fff1078    0x2  Data  Gb  Date.o [1]
date_sum                0x1fff1072    0x2  Data  Gb  Date.o [1]
default_isr             0x000038d9   0x3a  Code  Gb  MK60_conf.o [1]
differentspeed          0x00003e79  0x2ca  Code  Gb  Car_control.o [1]
direction               0x1fff0fb8    0x4  Data  Gb  Date.o [1]
display                 0x0000550b   0x92  Code  Gb  Date.o [1]
div                     0x00001909    0xe  Code  Gb  div.o [3]
duoji_PID               0x000053dd  0x12e  Code  Gb  Date.o [1]
duoji_control           0x00004351   0x10  Code  Gb  Car_control.o [1]
duty_Alter              0x1fff0fbc    0x4  Data  Gb  Date.o [1]
duty_Alter_last         0x1fff0fc0    0x4  Data  Gb  Date.o [1]
duty_motor_L            0x1fff0f30    0x4  Data  Gb  Car_control.o [1]
duty_motor_R            0x1fff0f34    0x4  Data  Gb  Car_control.o [1]
duty_steer              0x1fff0410    0x4  Data  Gb  Date.o [1]
duty_steer_last         0x1fff0414    0x4  Data  Gb  Date.o [1]
err_last_L              0x1fff0f6c    0x4  Data  Gb  Car_control.o [1]
err_last_R              0x1fff0f78    0x4  Data  Gb  Car_control.o [1]
err_next_L              0x1fff0f68    0x4  Data  Gb  Car_control.o [1]
err_next_R              0x1fff0f74    0x4  Data  Gb  Car_control.o [1]
err_now_L               0x1fff0f64    0x4  Data  Gb  Car_control.o [1]
err_now_R               0x1fff0f70    0x4  Data  Gb  Car_control.o [1]
error_change            0x1fff0fa0    0x4  Data  Gb  Date.o [1]
error_last              0x1fff0f88    0x4  Data  Gb  Date.o [1]
error_now               0x1fff0f84    0x4  Data  Gb  Date.o [1]
exit                    0x0000695f    0x4  Code  Gb  exit.o [3]
flag                    0x1fff0f9c    0x4  Data  Gb  Date.o [1]
flash_cmd               0x1fff0d3d   0x20  Code  Gb  MK60_flash.o [1]
flash_erase_sector      0x1fff0d97   0x58  Code  Gb  MK60_flash.o [1]
flash_init              0x1fff0d5d   0x3a  Code  Gb  MK60_flash.o [1]
flash_write             0x1fff0def   0x8e  Code  Gb  MK60_flash.o [1]
fputc                   0x00003803   0x14  Code  Gb  MK60_conf.o [1]
ftm_pwm_duty            0x000049a7   0xf6  Code  Gb  MK60_ftm.o [1]
ftm_pwm_init            0x00004825  0x182  Code  Gb  MK60_ftm.o [1]
gpio_get                0x000036b1   0x3e  Code  Gb  MK60_gpio.o [1]
gpio_init               0x000035c9   0xae  Code  Gb  MK60_gpio.o [1]
gpio_turn               0x00003677   0x3a  Code  Gb  MK60_gpio.o [1]
key_check               0x00003dad   0x40  Code  Gb  VCAN_key.o [1]
key_get                 0x00003d93   0x1a  Code  Gb  VCAN_key.o [1]
key_init                0x00003d41   0x52  Code  Gb  VCAN_key.o [1]
led_init                0x00003939   0x3a  Code  Gb  VCAN_LED.o [1]
led_turn                0x00003973   0x32  Code  Gb  VCAN_LED.o [1]
localeconv              0x000018d7   0x16  Code  Gb  localeconv.o [3]
main                    0x00006265   0x9e  Code  Gb  main.o [1]
mcg_cfg                 0x1fff0c6c   0x44  Data  Gb  MK60_mcg.o [1]
mcg_div                 0x1fff0cb0    0x4  Data  Gb  MK60_mcg.o [1]
mcg_div_count           0x00005cc9  0x2e6  Code  Gb  MK60_mcg.o [1]
memchr                  0x00001079         Code  Gb  memchr.o [5]
obuf                    0x1fff1018   0x50  Data  Lc  xfiles.o [3]
pit_delay               0x00003a39   0xb0  Code  Gb  MK60_PIT.o [1]
pit_init                0x000039cd   0x6c  Code  Gb  MK60_PIT.o [1]
pll_init                0x00005faf   0xb2  Code  Gb  MK60_mcg.o [1]
podao                   0x1fff0fa8    0x4  Data  Gb  Date.o [1]
podao_flag              0x1fff0fac    0x4  Data  Gb  Date.o [1]
podao_time              0x1fff0fb4    0x4  Data  Gb  Date.o [1]
port_init               0x000036f9   0x44  Code  Gb  MK60_port.o [1]
port_init_NoALT         0x0000373d   0x62  Code  Gb  MK60_port.o [1]
printf                  0x000039a9   0x24  Code  Gb  printf.o [3]
putchar                 0x00006995    0xc  Code  Gb  putchar.o [3]
set_sys_dividers        0x1fff0eb1   0x50  Code  Gb  MK60_mcg.o [1]
set_vector_handler      0x00006423   0x22  Code  Gb  misc.o [1]
speed_PID               0x00004143  0x174  Code  Gb  Car_control.o [1]
speed_control           0x000042b7   0x8c  Code  Gb  Car_control.o [1]
speed_get               0x00003df5   0x84  Code  Gb  Car_control.o [1]
start                   0x00006451   0x22  Code  Gb  system_MK60DZ10.o [1]
start_check             0x00003817   0xc2  Code  Gb  MK60_conf.o [1]
strchr                  0x00001029         Code  Gb  strchr.o [5]
strlen                  0x00001041         Code  Gb  strlen.o [5]
sysinit                 0x00006473   0x3c  Code  Gb  system_MK60DZ10.o [1]
time                    0x1fff1008    0x4  Data  Gb  MK60_it.o [1]
uart_init               0x00003af9  0x214  Code  Gb  MK60_uart.o [1]
uart_putchar            0x00003d0d   0x1a  Code  Gb  MK60_uart.o [1]
vector_str              0x1fff0544  0x708  Data  Gb  MK60_conf.o [1]
wdog_disable            0x00006581   0x16  Code  Gb  MK60_wdog.o [1]
wdog_unlock             0x00006597   0x20  Code  Lc  MK60_wdog.o [1]
write_vtor              0x00006401   0x22  Code  Gb  misc.o [1]
yuanhuan_flag           0x1fff0fa4    0x4  Data  Gb  Date.o [1]
yuanhuan_time           0x1fff0fb0    0x4  Data  Gb  Date.o [1]


[1] = C:\Users\Administrator\Desktop\国赛——常熟\预赛\国赛\Prj\IAR\DZ10_Debug\Obj
[2] = command line
[3] = dl7M_tlf.a
[4] = m7M_tl.a
[5] = rt7M_tl.a

  20 958 bytes of readonly  code memory
     468 bytes of readwrite code memory
   6 276 bytes of readonly  data memory
   2 846 bytes of readwrite data memory

Errors: none
Warnings: none
