###############################################################################
#                                                                             #
# IAR ELF Linker V6.30.1.53127/W32 for ARM              12/May/2015  20:21:07 #
# Copyright 2007-2011 IAR Systems AB.                                         #
#                                                                             #
#    Output file  =  E:\±àÐ´µÄ³ÌÐò\IAR   ´úÂë\É½ÍâK60²Î¿¼´úÂëV5.2£¨Ö§³ÖFXºÍDN #
#                    Z£©\µÚ¶þÕÂ\GPIO_LED\Prj\IAR\FX15_Debug\Exe\vcan_Kinetis. #
#                    out                                                      #
#    Map file     =  E:\±àÐ´µÄ³ÌÐò\IAR   ´úÂë\É½ÍâK60²Î¿¼´úÂëV5.2£¨Ö§³ÖFXºÍDN #
#                    Z£©\µÚ¶þÕÂ\GPIO_LED\Prj\IAR\FX15_Debug\List\vcan_Kinetis #
#                    .map                                                     #
#    Command line =  "E:\±àÐ´µÄ³ÌÐò\IAR   ´úÂë\É½ÍâK60²Î¿¼´úÂëV5.2£¨Ö§³ÖFXºÍD #
#                    NZ£©\µÚ¶þÕÂ\GPIO_LED\Prj\IAR\FX15_Debug\Obj\MK60_DWT.o"  #
#                    "E:\±àÐ´µÄ³ÌÐò\IAR   ´úÂë\É½ÍâK60²Î¿¼´úÂëV5.2£¨Ö§³ÖFXºÍD #
#                    NZ£©\µÚ¶þÕÂ\GPIO_LED\Prj\IAR\FX15_Debug\Obj\MK60_PIT.o"  #
#                    "E:\±àÐ´µÄ³ÌÐò\IAR   ´úÂë\É½ÍâK60²Î¿¼´úÂëV5.2£¨Ö§³ÖFXºÍD #
#                    NZ£©\µÚ¶þÕÂ\GPIO_LED\Prj\IAR\FX15_Debug\Obj\MK60_SysTick #
#                    .o" "E:\±àÐ´µÄ³ÌÐò\IAR   ´úÂë\É½ÍâK60²Î¿¼´úÂëV5.2£¨Ö§³ÖF #
#                    XºÍDNZ£©\µÚ¶þÕÂ\GPIO_LED\Prj\IAR\FX15_Debug\Obj\MK60_con #
#                    f.o" "E:\±àÐ´µÄ³ÌÐò\IAR   ´úÂë\É½ÍâK60²Î¿¼´úÂëV5.2£¨Ö§³Ö #
#                    FXºÍDNZ£©\µÚ¶þÕÂ\GPIO_LED\Prj\IAR\FX15_Debug\Obj\MK60_fl #
#                    ash.o" "E:\±àÐ´µÄ³ÌÐò\IAR                                #
#                    ´úÂë\É½ÍâK60²Î¿¼´úÂëV5.2£¨Ö§³ÖFXºÍDNZ£©\µÚ¶þÕÂ\GPIO_LED\ #
#                    Prj\IAR\FX15_Debug\Obj\MK60_gpio.o" "E:\±àÐ´µÄ³ÌÐò\IAR   #
#                     ´úÂë\É½ÍâK60²Î¿¼´úÂëV5.2£¨Ö§³ÖFXºÍDNZ£©\µÚ¶þÕÂ\GPIO_LED #
#                    \Prj\IAR\FX15_Debug\Obj\MK60_it.o" "E:\±àÐ´µÄ³ÌÐò\IAR    #
#                    ´úÂë\É½ÍâK60²Î¿¼´úÂëV5.2£¨Ö§³ÖFXºÍDNZ£©\µÚ¶þÕÂ\GPIO_LED\ #
#                    Prj\IAR\FX15_Debug\Obj\MK60_lptmr.o" "E:\±àÐ´µÄ³ÌÐò\IAR  #
#                      ´úÂë\É½ÍâK60²Î¿¼´úÂëV5.2£¨Ö§³ÖFXºÍDNZ£©\µÚ¶þÕÂ\GPIO_LE #
#                    D\Prj\IAR\FX15_Debug\Obj\MK60_mcg.o" "E:\±àÐ´µÄ³ÌÐò\IAR  #
#                      ´úÂë\É½ÍâK60²Î¿¼´úÂëV5.2£¨Ö§³ÖFXºÍDNZ£©\µÚ¶þÕÂ\GPIO_LE #
#                    D\Prj\IAR\FX15_Debug\Obj\MK60_port.o"                    #
#                    "E:\±àÐ´µÄ³ÌÐò\IAR   ´úÂë\É½ÍâK60²Î¿¼´úÂëV5.2£¨Ö§³ÖFXºÍD #
#                    NZ£©\µÚ¶þÕÂ\GPIO_LED\Prj\IAR\FX15_Debug\Obj\MK60_uart.o" #
#                     "E:\±àÐ´µÄ³ÌÐò\IAR   ´úÂë\É½ÍâK60²Î¿¼´úÂëV5.2£¨Ö§³ÖFXºÍ #
#                    DNZ£©\µÚ¶þÕÂ\GPIO_LED\Prj\IAR\FX15_Debug\Obj\MK60_wdog.o #
#                    " "E:\±àÐ´µÄ³ÌÐò\IAR   ´úÂë\É½ÍâK60²Î¿¼´úÂëV5.2£¨Ö§³ÖFXº #
#                    ÍDNZ£©\µÚ¶þÕÂ\GPIO_LED\Prj\IAR\FX15_Debug\Obj\VCAN_LED.o #
#                    " "E:\±àÐ´µÄ³ÌÐò\IAR   ´úÂë\É½ÍâK60²Î¿¼´úÂëV5.2£¨Ö§³ÖFXº #
#                    ÍDNZ£©\µÚ¶þÕÂ\GPIO_LED\Prj\IAR\FX15_Debug\Obj\VCAN_key.o #
#                    " "E:\±àÐ´µÄ³ÌÐò\IAR   ´úÂë\É½ÍâK60²Î¿¼´úÂëV5.2£¨Ö§³ÖFXº #
#                    ÍDNZ£©\µÚ¶þÕÂ\GPIO_LED\Prj\IAR\FX15_Debug\Obj\main.o"    #
#                    "E:\±àÐ´µÄ³ÌÐò\IAR   ´úÂë\É½ÍâK60²Î¿¼´úÂëV5.2£¨Ö§³ÖFXºÍD #
#                    NZ£©\µÚ¶þÕÂ\GPIO_LED\Prj\IAR\FX15_Debug\Obj\misc.o"      #
#                    "E:\±àÐ´µÄ³ÌÐò\IAR   ´úÂë\É½ÍâK60²Î¿¼´úÂëV5.2£¨Ö§³ÖFXºÍD #
#                    NZ£©\µÚ¶þÕÂ\GPIO_LED\Prj\IAR\FX15_Debug\Obj\startup_MK60 #
#                    DZ10.o" "E:\±àÐ´µÄ³ÌÐò\IAR                               #
#                    ´úÂë\É½ÍâK60²Î¿¼´úÂëV5.2£¨Ö§³ÖFXºÍDNZ£©\µÚ¶þÕÂ\GPIO_LED\ #
#                    Prj\IAR\FX15_Debug\Obj\system_MK60DZ10.o"                #
#                    "E:\±àÐ´µÄ³ÌÐò\IAR   ´úÂë\É½ÍâK60²Î¿¼´úÂëV5.2£¨Ö§³ÖFXºÍD #
#                    NZ£©\µÚ¶þÕÂ\GPIO_LED\Prj\IAR\FX15_Debug\Obj\vectors.o"   #
#                    --redirect _Printf=_PrintfLargeNoMb --redirect           #
#                    _Scanf=_ScanfLargeNoMb -o "E:\±àÐ´µÄ³ÌÐò\IAR             #
#                    ´úÂë\É½ÍâK60²Î¿¼´úÂëV5.2£¨Ö§³ÖFXºÍDNZ£©\µÚ¶þÕÂ\GPIO_LED\ #
#                    Prj\IAR\FX15_Debug\Exe\vcan_Kinetis.out" --map           #
#                    "E:\±àÐ´µÄ³ÌÐò\IAR   ´úÂë\É½ÍâK60²Î¿¼´úÂëV5.2£¨Ö§³ÖFXºÍD #
#                    NZ£©\µÚ¶þÕÂ\GPIO_LED\Prj\IAR\FX15_Debug\List\vcan_Kineti #
#                    s.map" --config "E:\±àÐ´µÄ³ÌÐò\IAR                       #
#                    ´úÂë\É½ÍâK60²Î¿¼´úÂëV5.2£¨Ö§³ÖFXºÍDNZ£©\µÚ¶þÕÂ\GPIO_LED\ #
#                    Prj\IAR\config files\vcan_ROM_K60X512.icf"               #
#                    "E:\±àÐ´µÄ³ÌÐò\IAR   ´úÂë\É½ÍâK60²Î¿¼´úÂëV5.2£¨Ö§³ÖFXºÍD #
#                    NZ£©\µÚ¶þÕÂ\GPIO_LED\Prj\IAR\..\..\Lib\CMSIS\iar_cortexM #
#                    4l_math.a" --entry __iar_program_start --redirect        #
#                    __write=__write_buffered --vfe                           #
#                                                                             #
#                                                                             #
###############################################################################

*******************************************************************************
*** RUNTIME MODEL ATTRIBUTES
***

CppFlavor       = *
__SystemLibrary = DLib


*******************************************************************************
*** PLACEMENT SUMMARY
***

"A1":  place at 0x00000000 { ro section .intvec };
"A2":  place at 0x00000410 { ro section .noinit };
"P1":  place in [from 0x00000000 to 0x00080000] |
                [from 0x10000000 to 0x1007ffff] { ro, block CodeRelocate };
"P2":  place in [from 0x1fff0410 to 0x20010000] {
          rw, block CodeRelocateRam, block CSTACK, block HEAP };

  Section              Kind        Address    Size  Object
  -------              ----        -------    ----  ------
"A1":                                        0x410
  .intvec              const    0x00000000   0x410  vectors.o [1]
                              - 0x00000410   0x410

"A2":                                          0x8
  .noinit              ro code  0x00000410     0x8  startup_MK60DZ10.o [1]
                              - 0x00000418     0x8

"P1":                                       0x30a8
  .text                ro code  0x00000418   0xb5e  xprintflarge_nomb.o [3]
  .text                ro code  0x00000f76    0x22  zero_init3.o [5]
  .text                ro code  0x00000f98    0x16  strchr.o [5]
  .text                ro code  0x00000fb0    0x36  strlen.o [5]
  .text                ro code  0x00000fe8    0x58  memchr.o [5]
  .text                ro code  0x00001040    0xee  I64DivMod.o [5]
  .text                ro code  0x00001130    0x76  ABImemcpy.o [5]
  .text                ro code  0x000011a6    0x44  xdnorm.o [4]
  .text                ro code  0x000011ec    0x2e  DblCmpLe.o [4]
  .text                ro code  0x0000121c   0x1a2  DblMul.o [4]
  .text                ro code  0x000013c0   0x246  DblDiv.o [4]
  .text                ro code  0x00001608    0x2c  DblToI32.o [4]
  .text                ro code  0x00001634    0x1c  I32ToDbl.o [4]
  .text                ro code  0x00001650   0x180  DblSub.o [4]
  .text                ro code  0x000017d0    0x6c  localeconv.o [3]
  .text                ro code  0x0000183c     0xe  div.o [3]
  .text                ro code  0x0000184c     0x2  I64DivZer.o [5]
  .text                ro code  0x00001850    0xd4  DblAdd.o [4]
  .text                ro code  0x00001924     0x2  xtls.o [3]
  .data_init                    0x00001928   0x7f0  <Block>
    Initializer bytes  ro data  0x00001928   0x7f0  <for .data-1>
  Veneer               ro code  0x00002118     0x8  - Linker created -
  .text                ro code  0x00002120   0x3e0  MK60_mcg.o [1]
  .text                ro code  0x00002500   0x24c  MK60_uart.o [1]
  .text                ro code  0x0000274c    0xb0  MK60_port.o [1]
  Veneer               ro code  0x000027fc     0x8  - Linker created -
  Veneer               ro code  0x00002804     0x8  - Linker created -
  .text                ro code  0x0000280c   0x180  MK60_conf.o [1]
  .text                ro code  0x0000298c    0xac  VCAN_LED.o [1]
  .text                ro code  0x00002a38    0x24  printf.o [3]
  .text                ro code  0x00002a5c    0xc0  MK60_PIT.o [1]
  .text                ro code  0x00002b1c    0xa8  VCAN_key.o [1]
  .text                ro code  0x00002bc4   0x19c  MK60_gpio.o [1]
  CodeRelocate                  0x00002d60   0x200  <Block>
    Initializer bytes  ro data  0x00002d60   0x200  <for CodeRelocateRam-1>
  .text                ro code  0x00002f60   0x130  system_MK60DZ10.o [1]
  .text                ro code  0x00003090    0x40  MK60_wdog.o [1]
  .text                ro code  0x000030d0    0x54  main.o [1]
  .text                ro code  0x00003124    0x2c  misc.o [1]
  .rodata              const    0x00003150    0x64  MK60_flash.o [1]
  .rodata              const    0x000031b4    0x64  MK60_gpio.o [1]
  .rodata              const    0x00003218    0x64  MK60_uart.o [1]
  .rodata              const    0x0000327c    0x60  MK60_PIT.o [1]
  .rodata              const    0x000032dc    0x5c  misc.o [1]
  .rodata              const    0x00003338    0x3c  MK60_conf.o [1]
  .text                ro code  0x00003374    0x2c  data_init3.o [5]
  .rodata              const    0x000033a0    0x24  MK60_conf.o [1]
  .iar.init_table      const    0x000033c4    0x10  - Linker created -
  .rodata              const    0x000033d4    0x20  MK60_conf.o [1]
  .text                ro code  0x000033f4    0x16  cmain.o [5]
  .text                ro code  0x0000340a     0x4  low_level_init.o [3]
  .text                ro code  0x0000340e     0x4  exit.o [3]
  .text                ro code  0x00003414     0xa  cexit.o [5]
  .text                ro code  0x00003420     0xc  XXexit.o [5]
  .text                ro code  0x0000342c    0x16  xprout.o [3]
  .text                ro code  0x00003444     0xc  putchar.o [3]
  .rodata              const    0x00003450    0x14  MK60_conf.o [1]
  .text                ro code  0x00003464     0xc  cstartup_M.o [5]
  .rodata              const    0x00003470     0x0  bwt_init3c.o [5]
  Initializer bytes    ro data  0x00003470    0x50  <for P2 s0>
                              - 0x000034c0  0x30a8

"P2", part 1 of 3:                           0x9f0
  .data                         0x1fff0410   0x7f0  <Block>
    .data-1                     0x1fff0410   0x7f0  <Init block>
      .data            inited   0x1fff0410   0x708  MK60_conf.o [1]
      .data            inited   0x1fff0b18    0x14  MK60_gpio.o [1]
      .data            inited   0x1fff0b2c    0x58  MK60_mcg.o [1]
      .data            inited   0x1fff0b84     0x4  MK60_mcg.o [1]
      .data            inited   0x1fff0b88    0x14  MK60_port.o [1]
      .data            inited   0x1fff0b9c    0x18  MK60_uart.o [1]
      .data            inited   0x1fff0bb4     0x4  VCAN_LED.o [1]
      .data            inited   0x1fff0bb8     0x8  VCAN_key.o [1]
      .data            inited   0x1fff0bc0    0x40  xfiles.o [3]
  CodeRelocateRam               0x1fff0c00   0x200  <Block>
    CodeRelocateRam-1           0x1fff0c00   0x200  <Init block>
      Veneer           inited   0x1fff0c00     0x8  - Linker created -
      Veneer           inited   0x1fff0c08     0x8  - Linker created -
      .textrw          inited   0x1fff0c10   0x1a0  MK60_flash.o [1]
      .textrw          inited   0x1fff0db0    0x50  MK60_mcg.o [1]
                              - 0x1fff0e00   0x9f0

"P2", part 2 of 3:                            0x5c
  .bss                          0x1fff0e00    0x5c  <Block>
    .bss               zero     0x1fff0e00     0x4  system_MK60DZ10.o [1]
    .bss               zero     0x1fff0e04     0x4  system_MK60DZ10.o [1]
    .bss               zero     0x1fff0e08     0x4  system_MK60DZ10.o [1]
    .bss               zero     0x1fff0e0c    0x50  xfiles.o [3]
                              - 0x1fff0e5c    0x5c

"P2", part 3 of 3:                            0x50
  P2 s0                         0x1fff0e5c    0x50  <Init block>
    __DLIB_PERTHREAD   inited   0x1fff0e5c    0x50  localeconv.o [3]
                              - 0x1fff0eac    0x50


*******************************************************************************
*** INIT TABLE
***

          Address     Size
          -------     ----
Zero (__iar_zero_init3)
    1 destination range, total size 0x5c:
          0x1fff0e00  0x5c



*******************************************************************************
*** MODULE SUMMARY
***

    Module               ro code  rw code  ro data  rw data
    ------               -------  -------  -------  -------
E:\±àÐ´µÄ³ÌÐò\IAR   ´úÂë\É½ÍâK60²Î¿¼´úÂëV5.2£¨Ö§³ÖFXºÍDNZ£©\µÚ¶þÕÂ\GPIO_LED\Prj\IAR\FX15_Debug\Obj: [1]
    MK60_PIT.o               192                96
    MK60_conf.o              384             1 948    1 800
    MK60_flash.o                      416      516
    MK60_gpio.o              412               120       20
    MK60_mcg.o               992       80      172       92
    MK60_port.o              176                20       20
    MK60_uart.o              588               124       24
    MK60_wdog.o               64
    VCAN_LED.o               172                 4        4
    VCAN_key.o               168                 8        8
    main.o                    84
    misc.o                    44                92
    startup_MK60DZ10.o         8
    system_MK60DZ10.o        304                         12
    vectors.o                                1 040
    -------------------------------------------------------
    Total:                 3 588      496    4 140    1 980

command line: [2]
    -------------------------------------------------------
    Total:

dl7M_tlf.a: [3]
    div.o                     14
    exit.o                     4
    localeconv.o             108                80       80
    low_level_init.o           4
    printf.o                  36
    putchar.o                 12
    xfiles.o                                    64      144
    xprintflarge_nomb.o    2 910
    xprout.o                  22
    xtls.o                     2
    -------------------------------------------------------
    Total:                 3 112               144      224

m7M_tl.a: [4]
    DblAdd.o                 212
    DblCmpLe.o                46
    DblDiv.o                 582
    DblMul.o                 418
    DblSub.o                 384
    DblToI32.o                44
    I32ToDbl.o                28
    xdnorm.o                  68
    -------------------------------------------------------
    Total:                 1 782

rt7M_tl.a: [5]
    ABImemcpy.o              118
    I64DivMod.o              238
    I64DivZer.o                2
    XXexit.o                  12
    bwt_init3c.o
    cexit.o                   10
    cmain.o                   22
    cstartup_M.o              12
    data_init3.o              44
    memchr.o                  88
    strchr.o                  22
    strlen.o                  54
    zero_init3.o              34
    -------------------------------------------------------
    Total:                   656

    Gaps                      24                          2
    Linker created            24       16       32
-----------------------------------------------------------
    Grand Total:           9 186      512    4 316    2 206


*******************************************************************************
*** ENTRY LIST
***

Entry                      Address   Size  Type      Object
-----                      -------   ----  ----      ------
.bss$$Base              0x1fff0e00          --   Gb  - Linker created -
.bss$$Limit             0x1fff0e5c          --   Gb  - Linker created -
.data$$Base             0x1fff0410          --   Gb  - Linker created -
.data$$Limit            0x1fff0c00          --   Gb  - Linker created -
.data_init$$Base        0x00001928          --   Gb  - Linker created -
.data_init$$Limit       0x00002118          --   Gb  - Linker created -
?main                   0x000033f5         Code  Gb  cmain.o [5]
ASSERT_FAILED_STR       0x000033a0   0x24  Data  Gb  MK60_conf.o [1]
CodeRelocate$$Base      0x00002d60          --   Gb  - Linker created -
CodeRelocate$$Limit     0x00002f60          --   Gb  - Linker created -
CodeRelocateRam$$Base   0x1fff0c00          --   Gb  - Linker created -
CodeRelocateRam$$Limit  0x1fff0e00          --   Gb  - Linker created -
GPIOX                   0x1fff0b18   0x14  Data  Gb  MK60_gpio.o [1]
KEY_PTxn                0x1fff0bb8    0x8  Data  Gb  VCAN_key.o [1]
LED_PTxn                0x1fff0bb4    0x4  Data  Gb  VCAN_LED.o [1]
NVIC_SystemReset        0x0000280d   0x1a  Code  Lc  MK60_conf.o [1]
PORTX                   0x1fff0b88   0x14  Data  Gb  MK60_port.o [1]
Region$$Table$$Base     0x000033c4          --   Gb  - Linker created -
Region$$Table$$Limit    0x000033d4          --   Gb  - Linker created -
Reset_Handler           0x00000411         Code  Gb  startup_MK60DZ10.o [1]
UARTN                   0x1fff0b9c   0x18  Data  Gb  MK60_uart.o [1]
_GenldLargeNoMb         0x00000ced  0x242  Code  Lc  xprintflarge_nomb.o [3]
_LdtobLargeNoMb         0x00000a65  0x276  Code  Lc  xprintflarge_nomb.o [3]
_LitobLargeNoMb         0x0000093f  0x126  Code  Lc  xprintflarge_nomb.o [3]
_Locale_lconv           0x1fff0e5c   0x50  Data  Gb  localeconv.o [3]
_PrintfLargeNoMb        0x00000419  0x526  Code  Gb  xprintflarge_nomb.o [3]
_Prout                  0x0000342d   0x16  Code  Gb  xprout.o [3]
_PutcharsLargeNoMb      0x00000f2f   0x2e  Code  Lc  xprintflarge_nomb.o [3]
__BOOT_STACK_ADDRESS {Abs}
                        0x2000fff8          --   Gb  command line/config [2]
__VECTOR_RAM {Abs}      0x1fff0000          --   Gb  command line/config [2]
__VECTOR_TABLE {Abs}    0x00000000          --   Gb  command line/config [2]
__aeabi_cdcmple         0x000011ed         Code  Gb  DblCmpLe.o [4]
__aeabi_d2uiz           0x00001609         Code  Gb  DblToI32.o [4]
__aeabi_ddiv            0x000013c1         Code  Gb  DblDiv.o [4]
__aeabi_dmul            0x0000121d         Code  Gb  DblMul.o [4]
__aeabi_dsub            0x00001651         Code  Gb  DblSub.o [4]
__aeabi_ldiv0           0x0000184d         Code  Gb  I64DivZer.o [5]
__aeabi_memcpy          0x00001131         Code  Gb  ABImemcpy.o [5]
__aeabi_memcpy4         0x00001151         Code  Gb  ABImemcpy.o [5]
__aeabi_memcpy8         0x00001151         Code  Gb  ABImemcpy.o [5]
__aeabi_ui2d            0x00001635         Code  Gb  I32ToDbl.o [4]
__aeabi_uldivmod        0x00001041         Code  Gb  I64DivMod.o [5]
__cmain                 0x000033f5         Code  Gb  cmain.o [5]
__code_start__ {Abs}    0x00000410          --   Gb  command line/config [2]
__exit                  0x00003421         Code  Gb  XXexit.o [5]
__iar_Dnorm             0x000011a7   0x44  Code  Gb  xdnorm.o [4]
__iar_Locale_lconv_init
                        0x000017d1   0x3a  Code  Gb  localeconv.o [3]
__iar_Memchr            0x00000fe9         Code  Gb  memchr.o [5]
__iar_SB                0x00003470         Data  Gb  bwt_init3c.o [5]
__iar_Stdout            0x1fff0bc0   0x40  Data  Gb  xfiles.o [3]
__iar_Strchr            0x00000f99         Code  Gb  strchr.o [5]
__iar_d2uiz             0x00001615         Code  Gb  DblToI32.o [4]
__iar_dadd              0x00001851         Code  Gb  DblAdd.o [4]
__iar_data_init3        0x00003375   0x2c  Code  Gb  data_init3.o [5]
__iar_default_requirements$$_Printf<unknown>printf {Abs}
                        0x00000000          --   Gb  printf.o [3]
__iar_dlib_perthread_access
                        0x00001925    0x2  Code  Gb  xtls.o [3]
__iar_dsub              0x00001665         Code  Gb  DblSub.o [4]
__iar_dsubStart         0x00001677         Code  Gb  DblSub.o [4]
__iar_program_start     0x00003465         Code  Gb  cstartup_M.o [5]
__iar_provide$$_Printf<flags,floats,int_specials,long_longs,n_formatters,qualifiers,widths>_PrintfLargeNoMb {Abs}
                        0x00000000          --   Gb  xprintflarge_nomb.o [3]
__iar_ui2d              0x00001639         Code  Gb  I32ToDbl.o [4]
__iar_zero_init3        0x00000f77   0x22  Code  Gb  zero_init3.o [5]
__low_level_init        0x0000340b    0x4  Code  Gb  low_level_init.o [3]
__vector_table          0x00000000  0x410  Data  Gb  vectors.o [1]
_call_main              0x00003401         Code  Gb  cmain.o [5]
_exit                   0x00003415         Code  Gb  cexit.o [5]
_main                   0x00003407         Code  Gb  cmain.o [5]
assert_failed           0x00002827   0x30  Code  Gb  MK60_conf.o [1]
bus_clk_khz             0x1fff0e08    0x4  Data  Gb  system_MK60DZ10.o [1]
common_startup          0x00002fbf   0x98  Code  Gb  system_MK60DZ10.o [1]
core_clk_khz            0x1fff0e00    0x4  Data  Gb  system_MK60DZ10.o [1]
core_clk_mhz            0x1fff0e04    0x4  Data  Gb  system_MK60DZ10.o [1]
default_isr             0x0000292d   0x3a  Code  Gb  MK60_conf.o [1]
div                     0x0000183d    0xe  Code  Gb  div.o [3]
exit                    0x0000340f    0x4  Code  Gb  exit.o [3]
flash_cmd               0x1fff0c11   0x20  Code  Gb  MK60_flash.o [1]
flash_erase_sector      0x1fff0c5f   0x5c  Code  Gb  MK60_flash.o [1]
flash_init              0x1fff0c31   0x2e  Code  Gb  MK60_flash.o [1]
flash_write             0x1fff0cbb   0xb6  Code  Gb  MK60_flash.o [1]
fputc                   0x00002857   0x14  Code  Gb  MK60_conf.o [1]
gpio_get                0x00002d1d   0x3a  Code  Gb  MK60_gpio.o [1]
gpio_init               0x00002bc5   0xae  Code  Gb  MK60_gpio.o [1]
gpio_set                0x00002c73   0x72  Code  Gb  MK60_gpio.o [1]
gpio_turn               0x00002ce5   0x38  Code  Gb  MK60_gpio.o [1]
key_check               0x00002b89   0x34  Code  Gb  VCAN_key.o [1]
key_get                 0x00002b6f   0x1a  Code  Gb  VCAN_key.o [1]
key_init                0x00002b1d   0x52  Code  Gb  VCAN_key.o [1]
led                     0x000029c7   0x3c  Code  Gb  VCAN_LED.o [1]
led_init                0x0000298d   0x3a  Code  Gb  VCAN_LED.o [1]
led_turn                0x00002a03   0x32  Code  Gb  VCAN_LED.o [1]
localeconv              0x0000180b   0x16  Code  Gb  localeconv.o [3]
main                    0x000030d1   0x54  Code  Gb  main.o [1]
mcg_cfg                 0x1fff0b2c   0x58  Data  Gb  MK60_mcg.o [1]
mcg_div                 0x1fff0b84    0x4  Data  Gb  MK60_mcg.o [1]
mcg_div_count           0x00002121  0x312  Code  Gb  MK60_mcg.o [1]
memchr                  0x00000fe9         Code  Gb  memchr.o [5]
obuf                    0x1fff0e0c   0x50  Data  Lc  xfiles.o [3]
pit_delay               0x00002a5d   0xb0  Code  Gb  MK60_PIT.o [1]
pll_init                0x00002433   0xb2  Code  Gb  MK60_mcg.o [1]
port_init               0x0000274d   0x44  Code  Gb  MK60_port.o [1]
port_init_NoALT         0x00002791   0x62  Code  Gb  MK60_port.o [1]
printf                  0x00002a39   0x24  Code  Gb  printf.o [3]
putchar                 0x00003445    0xc  Code  Gb  putchar.o [3]
set_sys_dividers        0x1fff0db1   0x50  Code  Gb  MK60_mcg.o [1]
start                   0x00002f61   0x22  Code  Gb  system_MK60DZ10.o [1]
start_check             0x0000286b   0xc2  Code  Gb  MK60_conf.o [1]
strchr                  0x00000f99         Code  Gb  strchr.o [5]
strlen                  0x00000fb1         Code  Gb  strlen.o [5]
sysinit                 0x00002f83   0x3c  Code  Gb  system_MK60DZ10.o [1]
uart_init               0x00002501  0x218  Code  Gb  MK60_uart.o [1]
uart_putchar            0x00002719   0x1a  Code  Gb  MK60_uart.o [1]
vector_str              0x1fff0410  0x708  Data  Gb  MK60_conf.o [1]
wdog_disable            0x00003091   0x16  Code  Gb  MK60_wdog.o [1]
wdog_unlock             0x000030a7   0x20  Code  Lc  MK60_wdog.o [1]
write_vtor              0x00003125   0x22  Code  Gb  misc.o [1]


[1] = E:\±àÐ´µÄ³ÌÐò\IAR   ´úÂë\É½ÍâK60²Î¿¼´úÂëV5.2£¨Ö§³ÖFXºÍDNZ£©\µÚ¶þÕÂ\GPIO_LED\Prj\IAR\FX15_Debug\Obj
[2] = command line
[3] = dl7M_tlf.a
[4] = m7M_tl.a
[5] = rt7M_tl.a

  9 186 bytes of readonly  code memory
    512 bytes of readwrite code memory
  4 316 bytes of readonly  data memory
  2 206 bytes of readwrite data memory

Errors: none
Warnings: none
